success
success
success
success
success
success
x//2 t//2 z//1 y//0